// Jest Snapshot v1, https://goo.gl/fbAQLP

exports[`NumberPad Should render the number pad 1`] = `
.c1 {
  font-family: 'Lato',sans-serif;
  font-weight: 400;
  color: #666;
  text-shadow: 0 0 5px #1A94D2,0 0 15px #228DFF;
  font-size: 4rem;
  line-height: 4rem;
  text-align: center;
  padding: 1rem;
  margin: 0;
  width: 8rem;
  height: 8rem;
  background-color: inherit;
  color: #1a94d2;
  border: 0;
  cursor: pointer;
}

.c1:hover {
  background-color: #1a1a1a;
}

.c2 {
  font-family: 'Lato',sans-serif;
  font-weight: 400;
  color: #666;
  text-shadow: 0 0 5px #1A94D2,0 0 15px #228DFF;
  font-size: 4rem;
  line-height: 4rem;
  text-align: center;
  padding: 1rem;
  margin: 0;
  width: 8rem;
  height: 8rem;
  background-color: inherit;
  color: #1a94d2;
  border: 0;
  cursor: pointer;
  color: #666;
}

.c2:hover {
  background-color: #1a1a1a;
}

.c2:hover {
  background-color: inherit;
  cursor: default;
}

.c0 {
  display: grid;
  grid-gap: 0.25rem;
  margin: 0;
  padding: 0;
  grid-template-columns: repeat(3,1fr);
}

<div
  class="c0"
  data-testid="grid-layout"
>
  <button
    class="c1"
  >
    7
  </button>
  <button
    class="c1"
  >
    8
  </button>
  <button
    class="c1"
  >
    9
  </button>
  <button
    class="c1"
  >
    4
  </button>
  <button
    class="c1"
  >
    5
  </button>
  <button
    class="c1"
  >
    6
  </button>
  <button
    class="c1"
  >
    1
  </button>
  <button
    class="c1"
  >
    2
  </button>
  <button
    class="c1"
  >
    3
  </button>
  <button
    class="c2"
  >
    ?
  </button>
  <button
    class="c1"
  >
    0
  </button>
  <button
    class="c2"
  >
    ?
  </button>
</div>
`;
